CPack: Create package using ZIP
CPack: Install projects
CPack: - Install project: xlsOneQt []
D:\xlsone\cpp\build-windows-cn-release\app\xlsOneQt.exe 64 bit, release executable
Adding in plugin type generic for module: Qt6Gui
Adding in plugin type iconengines for module: Qt6Gui
Adding Qt6Svg for qsvgicon.dll from plugin type: iconengines
Adding in plugin type imageformats for module: Qt6Gui
Adding in plugin type networkinformation for module: Qt6Network
Adding in plugin type platforms for module: Qt6Gui
Adding in plugin type styles for module: Qt6Widgets
Adding in plugin type tls for module: Qt6Network
Skipping plugin qopensslbackend.dll. Use -force-openssl or specify -openssl-root if you want to use it.
Performing additional pass of finding Qt plugins due to updated Qt module list: Qt6Core Qt6Gui Qt6Network Qt6Svg Qt6Widgets
Adding in plugin type generic for module: Qt6Gui
Adding in plugin type iconengines for module: Qt6Gui
Adding in plugin type imageformats for module: Qt6Gui
Adding in plugin type networkinformation for module: Qt6Network
Adding in plugin type platforms for module: Qt6Gui
Adding in plugin type styles for module: Qt6Widgets
Adding in plugin type tls for module: Qt6Network
Skipping plugin qopensslbackend.dll. Use -force-openssl or specify -openssl-root if you want to use it.
Direct dependencies: Qt6Core Qt6Gui Qt6Network Qt6Widgets
All dependencies   : Qt6Core Qt6Gui Qt6Network Qt6Widgets
To be deployed     : Qt6Core Qt6Gui Qt6Network Qt6Svg Qt6Widgets
Warning: Cannot find any version of the dxcompiler.dll and dxil.dll. This is not a problem unless Direct3D 12 and certain features are used by the application.
Updating Qt6Core.dll.
Updating Qt6Gui.dll.
Updating Qt6Network.dll.
Updating Qt6Svg.dll.
Updating Qt6Widgets.dll.
Updating libgcc_s_seh-1.dll.
Updating libstdc++-6.dll.
Updating libwinpthread-1.dll.
Creating directory D:/xlsone/cpp/build-windows-cn-release/_CPack_Packages/win64/ZIP/xlsone-1.0.4-windows-amd64/bin/generic.
Updating qtuiotouchplugin.dll.
Creating directory D:/xlsone/cpp/build-windows-cn-release/_CPack_Packages/win64/ZIP/xlsone-1.0.4-windows-amd64/bin/iconengines.
Updating qsvgicon.dll.
Creating directory D:/xlsone/cpp/build-windows-cn-release/_CPack_Packages/win64/ZIP/xlsone-1.0.4-windows-amd64/bin/imageformats.
Updating qgif.dll.
Updating qico.dll.
Updating qjpeg.dll.
Updating qsvg.dll.
Creating directory D:/xlsone/cpp/build-windows-cn-release/_CPack_Packages/win64/ZIP/xlsone-1.0.4-windows-amd64/bin/networkinformation.
Updating qnetworklistmanager.dll.
Creating directory D:/xlsone/cpp/build-windows-cn-release/_CPack_Packages/win64/ZIP/xlsone-1.0.4-windows-amd64/bin/platforms.
Updating qwindows.dll.
Creating directory D:/xlsone/cpp/build-windows-cn-release/_CPack_Packages/win64/ZIP/xlsone-1.0.4-windows-amd64/bin/styles.
Updating qmodernwindowsstyle.dll.
Creating directory D:/xlsone/cpp/build-windows-cn-release/_CPack_Packages/win64/ZIP/xlsone-1.0.4-windows-amd64/bin/tls.
Updating qcertonlybackend.dll.
Updating qschannelbackend.dll.
Creating D:\xlsone\cpp\build-windows-cn-release\_CPack_Packages\win64\ZIP\xlsone-1.0.4-windows-amd64\bin\translations...
Creating qt_ar.qm...
Creating qt_bg.qm...
Creating qt_ca.qm...
Creating qt_cs.qm...
Creating qt_da.qm...
Creating qt_de.qm...
Creating qt_en.qm...
Creating qt_es.qm...
Creating qt_fa.qm...
Creating qt_fi.qm...
Creating qt_fr.qm...
Creating qt_gd.qm...
Creating qt_he.qm...
Creating qt_hr.qm...
Creating qt_hu.qm...
Creating qt_it.qm...
Creating qt_ja.qm...
Creating qt_ka.qm...
Creating qt_ko.qm...
Creating qt_lg.qm...
Creating qt_lv.qm...
Creating qt_nl.qm...
Creating qt_nn.qm...
Creating qt_pl.qm...
Creating qt_pt_BR.qm...
Creating qt_ru.qm...
Creating qt_sk.qm...
Creating qt_sv.qm...
Creating qt_tr.qm...
Creating qt_uk.qm...
Creating qt_zh_CN.qm...
Creating qt_zh_TW.qm...
CPack: Create package
CPack: - package: D:/xlsone/cpp/build-windows-cn-release/xlsone-1.0.4-windows-amd64.zip generated.
